#-----------------------------------------------------------
# Vivado v2022.2 (64-bit)
# SW Build 3671981 on Fri Oct 14 05:00:03 MDT 2022
# IP Build 3669848 on Fri Oct 14 08:30:02 MDT 2022
# Start of session at: Wed May 31 00:05:55 2023
# Process ID: 13912
# Current directory: C:/Users/leroy/OneDrive/Documentos/ufc/eng_comp/sistemas_digitais/processador_MIPS/design/projeto_processador_MIPS.runs/synth_1
# Command line: vivado.exe -log processadorMIPS.vds -product Vivado -mode batch -messageDb vivado.pb -notrace -source processadorMIPS.tcl
# Log file: C:/Users/leroy/OneDrive/Documentos/ufc/eng_comp/sistemas_digitais/processador_MIPS/design/projeto_processador_MIPS.runs/synth_1/processadorMIPS.vds
# Journal file: C:/Users/leroy/OneDrive/Documentos/ufc/eng_comp/sistemas_digitais/processador_MIPS/design/projeto_processador_MIPS.runs/synth_1\vivado.jou
# Running On: ryan, OS: Windows, CPU Frequency: 2096 MHz, CPU Physical cores: 8, Host memory: 19197 MB
#-----------------------------------------------------------
source processadorMIPS.tcl -notrace
