#-----------------------------------------------------------
# Vivado v2022.2 (64-bit)
# SW Build 3671981 on Fri Oct 14 05:00:03 MDT 2022
# IP Build 3669848 on Fri Oct 14 08:30:02 MDT 2022
# Start of session at: Wed May 31 12:34:00 2023
# Process ID: 7940
# Current directory: C:/Users/leroy/OneDrive/Documentos/ufc/eng_comp/sistemas_digitais/processador_MIPS/design
# Command line: vivado.exe -gui_launcher_event rodinguilauncherevent8412 C:\Users\leroy\OneDrive\Documentos\ufc\eng_comp\sistemas_digitais\processador_MIPS\design\projeto_processador_MIPS.xpr
# Log file: C:/Users/leroy/OneDrive/Documentos/ufc/eng_comp/sistemas_digitais/processador_MIPS/design/vivado.log
# Journal file: C:/Users/leroy/OneDrive/Documentos/ufc/eng_comp/sistemas_digitais/processador_MIPS/design\vivado.jou
# Running On: ryan, OS: Windows, CPU Frequency: 2096 MHz, CPU Physical cores: 8, Host memory: 19197 MB
#-----------------------------------------------------------
start_gui
open_project C:/Users/leroy/OneDrive/Documentos/ufc/eng_comp/sistemas_digitais/processador_MIPS/design/projeto_processador_MIPS.xpr
update_compile_order -fileset sources_1
launch_simulation
source testbench.tcl
close_sim
launch_simulation
source testbench.tcl
close_sim
close_project
create_project projeto_processador_16bits C:/Users/leroy/OneDrive/Documentos/ufc/eng_comp/sistemas_digitais/processador/design -part xc7k70tfbv676-1
add_files -norecurse {C:/Users/leroy/OneDrive/Documentos/ufc/eng_comp/sistemas_digitais/processador/design/register_file_tb.vhd C:/Users/leroy/OneDrive/Documentos/ufc/eng_comp/sistemas_digitais/processador/design/datapath.vhd C:/Users/leroy/OneDrive/Documentos/ufc/eng_comp/sistemas_digitais/processador/design/processador.vhd C:/Users/leroy/OneDrive/Documentos/ufc/eng_comp/sistemas_digitais/processador/design/ula_tb.vhd C:/Users/leroy/OneDrive/Documentos/ufc/eng_comp/sistemas_digitais/processador/design/ula.vhd C:/Users/leroy/OneDrive/Documentos/ufc/eng_comp/sistemas_digitais/processador/design/banco_de_registradores.vhd C:/Users/leroy/OneDrive/Documentos/ufc/eng_comp/sistemas_digitais/processador/design/controlUnit.vhd C:/Users/leroy/OneDrive/Documentos/ufc/eng_comp/sistemas_digitais/processador/design/registrador.vhd C:/Users/leroy/OneDrive/Documentos/ufc/eng_comp/sistemas_digitais/processador/design/fsm.vhd}
update_compile_order -fileset sources_1
update_compile_order -fileset sources_1
file mkdir C:/Users/leroy/OneDrive/Documentos/ufc/eng_comp/sistemas_digitais/processador/design/projeto_processador_16bits.srcs/sources_1/new
close [ open C:/Users/leroy/OneDrive/Documentos/ufc/eng_comp/sistemas_digitais/processador/design/projeto_processador_16bits.srcs/sources_1/new/ram.vhd w ]
add_files C:/Users/leroy/OneDrive/Documentos/ufc/eng_comp/sistemas_digitais/processador/design/projeto_processador_16bits.srcs/sources_1/new/ram.vhd
update_compile_order -fileset sources_1
close [ open C:/Users/leroy/OneDrive/Documentos/ufc/eng_comp/sistemas_digitais/processador/design/projeto_processador_16bits.srcs/sources_1/new/rom.vhd w ]
add_files C:/Users/leroy/OneDrive/Documentos/ufc/eng_comp/sistemas_digitais/processador/design/projeto_processador_16bits.srcs/sources_1/new/rom.vhd
update_compile_order -fileset sources_1
file mkdir C:/Users/leroy/OneDrive/Documentos/ufc/eng_comp/sistemas_digitais/processador/design/projeto_processador_16bits.srcs/sim_1/new
set_property SOURCE_SET sources_1 [get_filesets sim_1]
close [ open C:/Users/leroy/OneDrive/Documentos/ufc/eng_comp/sistemas_digitais/processador/design/projeto_processador_16bits.srcs/sim_1/new/datapath_tb.vhd w ]
add_files -fileset sim_1 C:/Users/leroy/OneDrive/Documentos/ufc/eng_comp/sistemas_digitais/processador/design/projeto_processador_16bits.srcs/sim_1/new/datapath_tb.vhd
update_compile_order -fileset sim_1
